wang9467@csel-kh4240-01:/home/wang9467/DNA $ ;s
-bash: syntax error near unexpected token `;'
wang9467@csel-kh4240-01:/home/wang9467/DNA $ ls
DNA_encoding/
wang9467@csel-kh4240-01:/home/wang9467/DNA $ cd DNA_encoding/
wang9467@csel-kh4240-01:/home/wang9467/DNA/DNA_encoding $ ls
build/  CMakeLists.txt  configure  include/  main.cpp  README.md  src/
wang9467@csel-kh4240-01:/home/wang9467/DNA/DNA_encoding $ cd build/
wang9467@csel-kh4240-01:/home/wang9467/DNA/DNA_encoding/build $ ls
CMakeCache.txt  CMakeFiles/  cmake_install.cmake  DNA_encoding*  Makefile  profiler
wang9467@csel-kh4240-01:/home/wang9467/DNA/DNA_encoding/build $ ./DNA_encoding
terminate called after throwing an instance of 'std::logic_error'
  what():  basic_string::_M_construct null not valid
Aborted
wang9467@csel-kh4240-01:/home/wang9467/DNA/DNA_encoding/build $ ./DNA_encoding ../configure
[ERROR: 2 ] Couldn't open /home/eason/Dropbox/Hash/.
wang9467@csel-kh4240-01:/home/wang9467/DNA/DNA_encoding/build $ ls
CMakeCache.txt  CMakeFiles/  cmake_install.cmake  DNA_encoding*  Makefile  profiler
wang9467@csel-kh4240-01:/home/wang9467/DNA/DNA_encoding/build $ cd ..
wang9467@csel-kh4240-01:/home/wang9467/DNA/DNA_encoding $ ls
build/  CMakeLists.txt  configure  include/  main.cpp  README.md  src/
wang9467@csel-kh4240-01:/home/wang9467/DNA/DNA_encoding $ vim main.cpp
wang9467@csel-kh4240-01:/home/wang9467/DNA/DNA_encoding $ cd build
wang9467@csel-kh4240-01:/home/wang9467/DNA/DNA_encoding/build $ cmake ..
-- Configuring done
-- Generating done
-- Build files have been written to: /home/wang9467/DNA/DNA_encoding/build
wang9467@csel-kh4240-01:/home/wang9467/DNA/DNA_encoding/build $ make
Scanning dependencies of target DNA_encoding
[ 25%] Building CXX object CMakeFiles/DNA_encoding.dir/main.cpp.o
[ 50%] Linking CXX executable DNA_encoding
[100%] Built target DNA_encoding
wang9467@csel-kh4240-01:/home/wang9467/DNA/DNA_encoding/build $ ./DNA_encoding
terminate called after throwing an instance of 'std::logic_error'
  what():  basic_string::_M_construct null not valid
Aborted
wang9467@csel-kh4240-01:/home/wang9467/DNA/DNA_encoding/build $ ./DNA_encoding ../configure
wang9467@csel-kh4240-01:/home/wang9467/DNA/DNA_encoding/build $ cd ..
wang9467@csel-kh4240-01:/home/wang9467/DNA/DNA_encoding $ vim main.cpp
wang9467@csel-kh4240-01:/home/wang9467/DNA/DNA_encoding $
